******************************************************************************
            TI ARM Clang Linker PC v4.0.0                      
******************************************************************************
>> Linked Mon May 11 11:13:31 2026

OUTPUT FILE NAME:   <Final_Project.out>
ENTRY POINT SYMBOL: "_c_int00_noargs"  address: 000013e5


MEMORY CONFIGURATION

         name            origin    length      used     unused   attr    fill
----------------------  --------  ---------  --------  --------  ----  --------
  FLASH                 00000000   00020000  000015e0  0001ea20  R  X
  SRAM                  20200000   00008000  00000a09  000075f7  RW X
  BCR_CONFIG            41c00000   00000080  00000000  00000080  R   
  BSL_CONFIG            41c00100   00000080  00000000  00000080  R   


SEGMENT ALLOCATION MAP

run origin  load origin   length   init length attrs members
----------  ----------- ---------- ----------- ----- -------
00000000    00000000    000015e0   000015e0    r-x
  00000000    00000000    000000c0   000000c0    r-- .intvecs
  000000c0    000000c0    00001448   00001448    r-x .text
  00001508    00001508    000000b8   000000b8    r-- .rodata
  000015c0    000015c0    00000020   00000020    r-- .cinit
20200000    20200000    00000809   00000000    rw-
  20200000    20200000    00000800   00000000    rw- .sysmem
  20200800    20200800    00000009   00000000    rw- .data
20207e00    20207e00    00000200   00000000    rw-
  20207e00    20207e00    00000200   00000000    rw- .stack


SECTION ALLOCATION MAP

 output                                  attributes/
section   page    origin      length       input sections
--------  ----  ----------  ----------   ----------------
.intvecs   0    00000000    000000c0     
                  00000000    000000c0     startup_mspm0g3507_ticlang.o (.intvecs)

.text      0    000000c0    00001448     
                  000000c0    00000192     libclang_rt.builtins.a : adddf3.S.obj (.text.adddf3_subdf3)
                  00000252    00000002                            : aeabi_div0.c.obj (.text.__aeabi_idiv0)
                  00000254    00000180     LaunchPad.o (.text.leds_on)
                  000003d4    00000170     clock.o (.text.clock_init_40mhz)
                  00000544    00000150     LaunchPad.o (.text.I2C_mstr_send_internal)
                  00000694    0000011c     lcd1602.o (.text.lcd1602_write)
                  000007b0    0000010c     LaunchPad.o (.text.seg7_init)
                  000008bc    000000e0     timer.o (.text.TIMA0_IRQHandler)
                  0000099c    000000d4     uart.o (.text.UART_init)
                  00000a70    000000d0     LaunchPad.o (.text.leds_off)
                  00000b40    000000c0     lcd1602.o (.text.lcd1602_init)
                  00000c00    000000bc     LaunchPad.o (.text.I2C_mstr_init)
                  00000cbc    000000b0     timer.o (.text.timerA_config)
                  00000d6c    0000008c     Final_project_main.o (.text.GROUP1_IRQHandler)
                  00000df8    00000084     Final_project_main.o (.text.__NVIC_SetPriority)
                  00000e7c    00000084     timer.o (.text.__NVIC_SetPriority)
                  00000f00    0000007c     libc.a : copy_decompress_lzss.c.obj (.text:decompress:lzss)
                  00000f7c    00000074     LaunchPad.o (.text.seg7_off)
                  00000ff0    0000005c     LaunchPad.o (.text.I2C_fill_tx_fifo)
                  0000104c    0000005c     Final_project_main.o (.text.days_since_watered)
                  000010a8    00000058     LaunchPad.o (.text.seg7_dig_enable)
                  00001100    0000004c     Final_project_main.o (.text.main)
                  0000114c    00000042     libclang_rt.builtins.a : fixunsdfsi.S.obj (.text.__fixunsdfsi)
                  0000118e    00000002     --HOLE-- [fill = 0]
                  00001190    00000040                            : aeabi_uidivmod.S.obj (.text.__aeabi_uidivmod)
                  000011d0    00000040     LaunchPad.o (.text.seg7_hex)
                  00001210    0000003c     clock.o (.text.usec_delay)
                  0000124c    0000003c     libc.a : autoinit.c.obj (.text:__TI_auto_init_nobinit_nopinit)
                  00001288    00000038     LaunchPad.o (.text.launchpad_gpio_init)
                  000012c0    00000034     Final_project_main.o (.text.config_pb1_interrupt)
                  000012f4    00000034     Final_project_main.o (.text.config_pb2_interrupt)
                  00001328    00000034     clock.o (.text.msec_delay)
                  0000135c    00000030     timer.o (.text.timerA_enable_interrupt)
                  0000138c    0000002c     Final_project_main.o (.text.__NVIC_EnableIRQ)
                  000013b8    0000002c     timer.o (.text.__NVIC_EnableIRQ)
                  000013e4    00000028     libc.a : boot_cortex_m.c.obj (.text:_c_int00_noargs)
                  0000140c    00000026     LaunchPad.o (.text.seg7_on)
                  00001432    00000002     --HOLE-- [fill = 0]
                  00001434    00000024     libclang_rt.builtins.a : floatunsidf.S.obj (.text.__floatunsidf)
                  00001458    00000020     lcd1602.o (.text.lcd_set_backlight_on)
                  00001478    0000001e     LaunchPad.o (.text.I2C_mstr_send1)
                  00001496    00000012     libc.a : memcpy16.S.obj (.text:TI_memcpy_small)
                  000014a8    00000012            : copy_decompress_none.c.obj (.text:decompress:none)
                  000014ba    00000010     clock.o (.text.clock_delay)
                  000014ca    00000002     --HOLE-- [fill = 0]
                  000014cc    00000010     timer.o (.text.timerA_enable)
                  000014dc    0000000c     clock.o (.text.get_bus_clock_freq)
                  000014e8    00000008     libclang_rt.builtins.a : aeabi_memcpy.S.obj (.text.__aeabi_memcpy)
                  000014f0    00000004     startup_mspm0g3507_ticlang.o (.text.Default_Handler)
                  000014f4    00000004     startup_mspm0g3507_ticlang.o (.text.HardFault_Handler)
                  000014f8    00000004     startup_mspm0g3507_ticlang.o (.text.Reset_Handler)
                  000014fc    00000004     libc.a : pre_init.c.obj (.text._system_pre_init)
                  00001500    00000004            : exit.c.obj (.text:abort)
                  00001504    00000004     --HOLE-- [fill = 0]

.cinit     0    000015c0    00000020     
                  000015c0    0000000b     (.cinit..data.load) [load image, compression = lzss]
                  000015cb    00000001     --HOLE-- [fill = 0]
                  000015cc    00000008     (__TI_handler_table)
                  000015d4    00000008     (__TI_cinit_table)
                  000015dc    00000004     --HOLE-- [fill = 0]

.rodata    0    00001508    000000b8     
                  00001508    00000060     LaunchPad.o (.rodata.led_config_data)
                  00001568    0000003c     LaunchPad.o (.rodata.enable_controls)
                  000015a4    00000018     LaunchPad.o (.rodata.iic_config_data)
                  000015bc    00000004     --HOLE-- [fill = 0]

.init_array 
*          0    00000000    00000000     UNINITIALIZED

.binit     0    00000000    00000000     

.data      0    20200800    00000009     UNINITIALIZED
                  20200800    00000004     clock.o (.data.g_bus_clock_freq)
                  20200804    00000001     lcd1602.o (.data.g_lcd_backlight_mode)
                  20200805    00000001     Final_project_main.o (.data.g_pb1_pressed)
                  20200806    00000001     Final_project_main.o (.data.g_pb2_pressed)
                  20200807    00000001     timer.o (.data.ones_seconds)
                  20200808    00000001     timer.o (.data.tens_seconds)

.sysmem    0    20200000    00000800     UNINITIALIZED
                  20200000    00000010     libc.a : memory.c.obj (.sysmem)
                  20200010    000007f0     --HOLE--

.stack     0    20207e00    00000200     UNINITIALIZED
                  20207e00    00000004     libc.a : boot_cortex_m.c.obj (.stack)
                  20207e04    000001fc     --HOLE--

__llvm_prf_cnts 
*          0    20200000    00000000     UNINITIALIZED

__llvm_prf_bits 
*          0    20200000    00000000     UNINITIALIZED

MODULE SUMMARY

       Module                         code   ro data   rw data
       ------                         ----   -------   -------
    .\
       LaunchPad.o                    1868   180       0      
       timer.o                        640    0         2      
       Final_project_main.o           588    0         2      
       clock.o                        508    0         4      
       lcd1602.o                      508    0         1      
       uart.o                         212    0         0      
    +--+------------------------------+------+---------+---------+
       Total:                         4324   180       9      
                                                              
    .\ticlang\
       startup_mspm0g3507_ticlang.o   12     192       0      
    +--+------------------------------+------+---------+---------+
       Total:                         12     192       0      
                                                              
    C:\ti\ccstheia151\ccs\tools\compiler\ti-cgt-armllvm_4.0.0.LTS\lib\armv6m-ti-none-eabi/c/libc.a
       copy_decompress_lzss.c.obj     124    0         0      
       autoinit.c.obj                 60     0         0      
       boot_cortex_m.c.obj            40     0         0      
       copy_decompress_none.c.obj     18     0         0      
       memcpy16.S.obj                 18     0         0      
       exit.c.obj                     4      0         0      
       pre_init.c.obj                 4      0         0      
    +--+------------------------------+------+---------+---------+
       Total:                         268    0         0      
                                                              
    C:\ti\ccstheia151\ccs\tools\compiler\ti-cgt-armllvm_4.0.0.LTS\lib\armv6m-ti-none-eabi/libclang_rt.builtins.a
       adddf3.S.obj                   402    0         0      
       fixunsdfsi.S.obj               66     0         0      
       aeabi_uidivmod.S.obj           64     0         0      
       floatunsidf.S.obj              36     0         0      
       aeabi_memcpy.S.obj             8      0         0      
       aeabi_div0.c.obj               2      0         0      
    +--+------------------------------+------+---------+---------+
       Total:                         578    0         0      
                                                              
       Heap:                          0      0         2048   
       Stack:                         0      0         512    
       Linker Generated:              0      27        0      
    +--+------------------------------+------+---------+---------+
       Grand Total:                   5182   399       2569   


LINKER GENERATED COPY TABLES

__TI_cinit_table @ 000015d4 records: 1, size/record: 8, table size: 8
	.data: load addr=000015c0, load size=0000000b bytes, run addr=20200800, run size=00000009 bytes, compression=lzss


LINKER GENERATED HANDLER TABLE

__TI_handler_table @ 000015cc records: 2, size/record: 4, table size: 8
	index: 0, handler: __TI_decompress_lzss
	index: 1, handler: __TI_decompress_none


GLOBAL SYMBOLS: SORTED ALPHABETICALLY BY Name 

address   name                          
-------   ----                          
000014f1  ADC0_IRQHandler               
000014f1  ADC1_IRQHandler               
000014f1  AES_IRQHandler                
00001500  C$$EXIT                       
000014f1  CANFD0_IRQHandler             
000014f1  DAC0_IRQHandler               
000014f1  DMA_IRQHandler                
000014f1  Default_Handler               
000014f1  GROUP0_IRQHandler             
00000d6d  GROUP1_IRQHandler             
000014f5  HardFault_Handler             
000014f1  I2C0_IRQHandler               
000014f1  I2C1_IRQHandler               
00000c01  I2C_mstr_init                 
00001479  I2C_mstr_send1                
000014f1  NMI_Handler                   
000014f1  PendSV_Handler                
000014f1  RTC_IRQHandler                
000014f9  Reset_Handler                 
000014f1  SPI0_IRQHandler               
000014f1  SPI1_IRQHandler               
000014f1  SVC_Handler                   
000014f1  SysTick_Handler               
000008bd  TIMA0_IRQHandler              
000014f1  TIMA1_IRQHandler              
000014f1  TIMG0_IRQHandler              
000014f1  TIMG12_IRQHandler             
000014f1  TIMG6_IRQHandler              
000014f1  TIMG7_IRQHandler              
000014f1  TIMG8_IRQHandler              
00001497  TI_memcpy_small               
000014f1  UART0_IRQHandler              
000014f1  UART1_IRQHandler              
000014f1  UART2_IRQHandler              
000014f1  UART3_IRQHandler              
0000099d  UART_init                     
20208000  __STACK_END                   
00000200  __STACK_SIZE                  
00000800  __SYSMEM_SIZE                 
00000000  __TI_ATRegion0_region_sz      
00000000  __TI_ATRegion0_src_addr       
00000000  __TI_ATRegion0_trg_addr       
00000000  __TI_ATRegion1_region_sz      
00000000  __TI_ATRegion1_src_addr       
00000000  __TI_ATRegion1_trg_addr       
00000000  __TI_ATRegion2_region_sz      
00000000  __TI_ATRegion2_src_addr       
00000000  __TI_ATRegion2_trg_addr       
000015d4  __TI_CINIT_Base               
000015dc  __TI_CINIT_Limit              
000015dc  __TI_CINIT_Warm               
000015cc  __TI_Handler_Table_Base       
000015d4  __TI_Handler_Table_Limit      
0000124d  __TI_auto_init_nobinit_nopinit
00000f01  __TI_decompress_lzss          
000014a9  __TI_decompress_none          
ffffffff  __TI_pprof_out_hndl           
ffffffff  __TI_prof_data_size           
ffffffff  __TI_prof_data_start          
00000000  __TI_static_base__            
000000cb  __adddf3                      
0000114d  __aeabi_d2uiz                 
000000cb  __aeabi_dadd                  
000000c1  __aeabi_dsub                  
00000253  __aeabi_idiv0                 
000014e9  __aeabi_memcpy                
000014e9  __aeabi_memcpy4               
000014e9  __aeabi_memcpy8               
00001435  __aeabi_ui2d                  
00001191  __aeabi_uidiv                 
00001191  __aeabi_uidivmod              
ffffffff  __binit__                     
0000114d  __fixunsdfsi                  
00001435  __floatunsidf                 
UNDEFED   __mpu_init                    
20207e00  __stack                       
20200000  __start___llvm_prf_bits       
20200000  __start___llvm_prf_cnts       
20200000  __stop___llvm_prf_bits        
20200000  __stop___llvm_prf_cnts        
000000c1  __subdf3                      
000013e5  _c_int00_noargs               
20200000  _sys_memory                   
UNDEFED   _system_post_cinit            
000014fd  _system_pre_init              
00001501  abort                         
ffffffff  binit                         
000014bb  clock_delay                   
000003d5  clock_init_40mhz              
000012c1  config_pb1_interrupt          
000012f5  config_pb2_interrupt          
0000104d  days_since_watered            
00001568  enable_controls               
20200800  g_bus_clock_freq              
20200805  g_pb1_pressed                 
20200806  g_pb2_pressed                 
000014dd  get_bus_clock_freq            
000015a4  iic_config_data               
00000000  interruptVectors              
00001289  launchpad_gpio_init           
00000b41  lcd1602_init                  
00000695  lcd1602_write                 
00001459  lcd_set_backlight_on          
00001508  led_config_data               
00000a71  leds_off                      
00000255  leds_on                       
00001101  main                          
00001329  msec_delay                    
20200807  ones_seconds                  
000010a9  seg7_dig_enable               
000011d1  seg7_hex                      
000007b1  seg7_init                     
00000f7d  seg7_off                      
0000140d  seg7_on                       
20200808  tens_seconds                  
00000cbd  timerA_config                 
000014cd  timerA_enable                 
0000135d  timerA_enable_interrupt       
00001211  usec_delay                    


GLOBAL SYMBOLS: SORTED BY Symbol Address 

address   name                          
-------   ----                          
00000000  __TI_ATRegion0_region_sz      
00000000  __TI_ATRegion0_src_addr       
00000000  __TI_ATRegion0_trg_addr       
00000000  __TI_ATRegion1_region_sz      
00000000  __TI_ATRegion1_src_addr       
00000000  __TI_ATRegion1_trg_addr       
00000000  __TI_ATRegion2_region_sz      
00000000  __TI_ATRegion2_src_addr       
00000000  __TI_ATRegion2_trg_addr       
00000000  __TI_static_base__            
00000000  interruptVectors              
000000c1  __aeabi_dsub                  
000000c1  __subdf3                      
000000cb  __adddf3                      
000000cb  __aeabi_dadd                  
00000200  __STACK_SIZE                  
00000253  __aeabi_idiv0                 
00000255  leds_on                       
000003d5  clock_init_40mhz              
00000695  lcd1602_write                 
000007b1  seg7_init                     
00000800  __SYSMEM_SIZE                 
000008bd  TIMA0_IRQHandler              
0000099d  UART_init                     
00000a71  leds_off                      
00000b41  lcd1602_init                  
00000c01  I2C_mstr_init                 
00000cbd  timerA_config                 
00000d6d  GROUP1_IRQHandler             
00000f01  __TI_decompress_lzss          
00000f7d  seg7_off                      
0000104d  days_since_watered            
000010a9  seg7_dig_enable               
00001101  main                          
0000114d  __aeabi_d2uiz                 
0000114d  __fixunsdfsi                  
00001191  __aeabi_uidiv                 
00001191  __aeabi_uidivmod              
000011d1  seg7_hex                      
00001211  usec_delay                    
0000124d  __TI_auto_init_nobinit_nopinit
00001289  launchpad_gpio_init           
000012c1  config_pb1_interrupt          
000012f5  config_pb2_interrupt          
00001329  msec_delay                    
0000135d  timerA_enable_interrupt       
000013e5  _c_int00_noargs               
0000140d  seg7_on                       
00001435  __aeabi_ui2d                  
00001435  __floatunsidf                 
00001459  lcd_set_backlight_on          
00001479  I2C_mstr_send1                
00001497  TI_memcpy_small               
000014a9  __TI_decompress_none          
000014bb  clock_delay                   
000014cd  timerA_enable                 
000014dd  get_bus_clock_freq            
000014e9  __aeabi_memcpy                
000014e9  __aeabi_memcpy4               
000014e9  __aeabi_memcpy8               
000014f1  ADC0_IRQHandler               
000014f1  ADC1_IRQHandler               
000014f1  AES_IRQHandler                
000014f1  CANFD0_IRQHandler             
000014f1  DAC0_IRQHandler               
000014f1  DMA_IRQHandler                
000014f1  Default_Handler               
000014f1  GROUP0_IRQHandler             
000014f1  I2C0_IRQHandler               
000014f1  I2C1_IRQHandler               
000014f1  NMI_Handler                   
000014f1  PendSV_Handler                
000014f1  RTC_IRQHandler                
000014f1  SPI0_IRQHandler               
000014f1  SPI1_IRQHandler               
000014f1  SVC_Handler                   
000014f1  SysTick_Handler               
000014f1  TIMA1_IRQHandler              
000014f1  TIMG0_IRQHandler              
000014f1  TIMG12_IRQHandler             
000014f1  TIMG6_IRQHandler              
000014f1  TIMG7_IRQHandler              
000014f1  TIMG8_IRQHandler              
000014f1  UART0_IRQHandler              
000014f1  UART1_IRQHandler              
000014f1  UART2_IRQHandler              
000014f1  UART3_IRQHandler              
000014f5  HardFault_Handler             
000014f9  Reset_Handler                 
000014fd  _system_pre_init              
00001500  C$$EXIT                       
00001501  abort                         
00001508  led_config_data               
00001568  enable_controls               
000015a4  iic_config_data               
000015cc  __TI_Handler_Table_Base       
000015d4  __TI_CINIT_Base               
000015d4  __TI_Handler_Table_Limit      
000015dc  __TI_CINIT_Limit              
000015dc  __TI_CINIT_Warm               
20200000  __start___llvm_prf_bits       
20200000  __start___llvm_prf_cnts       
20200000  __stop___llvm_prf_bits        
20200000  __stop___llvm_prf_cnts        
20200000  _sys_memory                   
20200800  g_bus_clock_freq              
20200805  g_pb1_pressed                 
20200806  g_pb2_pressed                 
20200807  ones_seconds                  
20200808  tens_seconds                  
20207e00  __stack                       
20208000  __STACK_END                   
ffffffff  __TI_pprof_out_hndl           
ffffffff  __TI_prof_data_size           
ffffffff  __TI_prof_data_start          
ffffffff  __binit__                     
ffffffff  binit                         
UNDEFED   __mpu_init                    
UNDEFED   _system_post_cinit            

[119 symbols]
