******************************************************************************
            TI ARM Clang Linker PC v4.0.0                      
******************************************************************************
>> Linked Mon May 11 20:57:12 2026

OUTPUT FILE NAME:   <Final_Project.out>
ENTRY POINT SYMBOL: "_c_int00_noargs"  address: 00000eb1


MEMORY CONFIGURATION

         name            origin    length      used     unused   attr    fill
----------------------  --------  ---------  --------  --------  ----  --------
  FLASH                 00000000   00020000  000010b8  0001ef48  R  X
  SRAM                  20200000   00008000  00000a0a  000075f6  RW X
  BCR_CONFIG            41c00000   00000080  00000000  00000080  R   
  BSL_CONFIG            41c00100   00000080  00000000  00000080  R   


SEGMENT ALLOCATION MAP

run origin  load origin   length   init length attrs members
----------  ----------- ---------- ----------- ----- -------
00000000    00000000    000010b8   000010b8    r-x
  00000000    00000000    000000c0   000000c0    r-- .intvecs
  000000c0    000000c0    00000ef0   00000ef0    r-x .text
  00000fb0    00000fb0    000000e8   000000e8    r-- .rodata
  00001098    00001098    00000020   00000020    r-- .cinit
20200000    20200000    0000080a   00000000    rw-
  20200000    20200000    00000800   00000000    rw- .sysmem
  20200800    20200800    0000000a   00000000    rw- .data
20207e00    20207e00    00000200   00000000    rw-
  20207e00    20207e00    00000200   00000000    rw- .stack


SECTION ALLOCATION MAP

 output                                  attributes/
section   page    origin      length       input sections
--------  ----  ----------  ----------   ----------------
.intvecs   0    00000000    000000c0     
                  00000000    000000c0     startup_mspm0g3507_ticlang.o (.intvecs)

.text      0    000000c0    00000ef0     
                  000000c0    00000180     LaunchPad.o (.text.leds_on)
                  00000240    00000170     clock.o (.text.clock_init_40mhz)
                  000003b0    00000150     LaunchPad.o (.text.I2C_mstr_send_internal)
                  00000500    0000011c     lcd1602.o (.text.lcd1602_write)
                  0000061c    0000010c     LaunchPad.o (.text.seg7_init)
                  00000728    000000e0     timer.o (.text.TIMG8_IRQHandler)
                  00000808    000000d0     LaunchPad.o (.text.leds_off)
                  000008d8    000000c0     lcd1602.o (.text.lcd1602_init)
                  00000998    000000bc     LaunchPad.o (.text.I2C_mstr_init)
                  00000a54    0000007c     libc.a : copy_decompress_lzss.c.obj (.text:decompress:lzss)
                  00000ad0    00000074     LaunchPad.o (.text.seg7_off)
                  00000b44    00000064     systick_test.o (.text.update_seg7)
                  00000ba8    0000005c     LaunchPad.o (.text.I2C_fill_tx_fifo)
                  00000c04    00000058     LaunchPad.o (.text.seg7_dig_enable)
                  00000c5c    0000004c     LaunchPad.o (.text.dipsw_init)
                  00000ca8    00000040     libclang_rt.builtins.a : aeabi_uidivmod.S.obj (.text.__aeabi_uidivmod)
                  00000ce8    00000040     LaunchPad.o (.text.seg7_hex)
                  00000d28    0000003c     clock.o (.text.sys_tick_init)
                  00000d64    0000003c     clock.o (.text.usec_delay)
                  00000da0    0000003c     libc.a : autoinit.c.obj (.text:__TI_auto_init_nobinit_nopinit)
                  00000ddc    00000038     LaunchPad.o (.text.launchpad_gpio_init)
                  00000e14    00000038     systick_test.o (.text.timer_testing)
                  00000e4c    00000034     clock.o (.text.msec_delay)
                  00000e80    00000030     systick_test.o (.text.main)
                  00000eb0    00000028     libc.a : boot_cortex_m.c.obj (.text:_c_int00_noargs)
                  00000ed8    00000026     LaunchPad.o (.text.seg7_on)
                  00000efe    00000002     libclang_rt.builtins.a : aeabi_div0.c.obj (.text.__aeabi_idiv0)
                  00000f00    00000020     lcd1602.o (.text.lcd_set_backlight_on)
                  00000f20    0000001e     LaunchPad.o (.text.I2C_mstr_send1)
                  00000f3e    00000002     --HOLE-- [fill = 0]
                  00000f40    0000001c     clock.o (.text.sys_tick_disable)
                  00000f5c    00000012     libc.a : memcpy16.S.obj (.text:TI_memcpy_small)
                  00000f6e    00000012            : copy_decompress_none.c.obj (.text:decompress:none)
                  00000f80    00000010     clock.o (.text.clock_delay)
                  00000f90    00000008     libclang_rt.builtins.a : aeabi_memcpy.S.obj (.text.__aeabi_memcpy)
                  00000f98    00000004     startup_mspm0g3507_ticlang.o (.text.Default_Handler)
                  00000f9c    00000004     startup_mspm0g3507_ticlang.o (.text.HardFault_Handler)
                  00000fa0    00000004     startup_mspm0g3507_ticlang.o (.text.Reset_Handler)
                  00000fa4    00000004     libc.a : pre_init.c.obj (.text._system_pre_init)
                  00000fa8    00000004            : exit.c.obj (.text:abort)
                  00000fac    00000004     --HOLE-- [fill = 0]

.cinit     0    00001098    00000020     
                  00001098    0000000b     (.cinit..data.load) [load image, compression = lzss]
                  000010a3    00000001     --HOLE-- [fill = 0]
                  000010a4    00000008     (__TI_handler_table)
                  000010ac    00000008     (__TI_cinit_table)
                  000010b4    00000004     --HOLE-- [fill = 0]

.rodata    0    00000fb0    000000e8     
                  00000fb0    00000060     LaunchPad.o (.rodata.led_config_data)
                  00001010    0000003c     LaunchPad.o (.rodata.enable_controls)
                  0000104c    00000030     LaunchPad.o (.rodata.dip_switch_config_data)
                  0000107c    00000018     LaunchPad.o (.rodata.iic_config_data)
                  00001094    00000004     --HOLE-- [fill = 0]

.init_array 
*          0    00000000    00000000     UNINITIALIZED

.binit     0    00000000    00000000     

.data      0    20200800    0000000a     UNINITIALIZED
                  20200800    00000004     clock.o (.data.g_bus_clock_freq)
                  20200804    00000001     lcd1602.o (.data.g_lcd_backlight_mode)
                  20200805    00000001     systick_test.o (.data.increase_seg7)
                  20200806    00000001     timer.o (.data.ones_seconds)
                  20200807    00000001     timer.o (.data.tens_seconds)
                  20200808    00000001     systick_test.o (.data.update_seg7.ones_dig)
                  20200809    00000001     systick_test.o (.data.update_seg7.tens_dig)

.sysmem    0    20200000    00000800     UNINITIALIZED
                  20200000    00000010     libc.a : memory.c.obj (.sysmem)
                  20200010    000007f0     --HOLE--

.stack     0    20207e00    00000200     UNINITIALIZED
                  20207e00    00000004     libc.a : boot_cortex_m.c.obj (.stack)
                  20207e04    000001fc     --HOLE--

__llvm_prf_cnts 
*          0    20200000    00000000     UNINITIALIZED

__llvm_prf_bits 
*          0    20200000    00000000     UNINITIALIZED

MODULE SUMMARY

       Module                         code   ro data   rw data
       ------                         ----   -------   -------
    .\
       LaunchPad.o                    1944   228       0      
       clock.o                        584    0         4      
       lcd1602.o                      508    0         1      
       timer.o                        224    0         2      
       systick_test.o                 204    0         3      
    +--+------------------------------+------+---------+---------+
       Total:                         3464   228       10     
                                                              
    .\ticlang\
       startup_mspm0g3507_ticlang.o   12     192       0      
    +--+------------------------------+------+---------+---------+
       Total:                         12     192       0      
                                                              
    C:\ti\ccstheia151\ccs\tools\compiler\ti-cgt-armllvm_4.0.0.LTS\lib\armv6m-ti-none-eabi/c/libc.a
       copy_decompress_lzss.c.obj     124    0         0      
       autoinit.c.obj                 60     0         0      
       boot_cortex_m.c.obj            40     0         0      
       copy_decompress_none.c.obj     18     0         0      
       memcpy16.S.obj                 18     0         0      
       exit.c.obj                     4      0         0      
       pre_init.c.obj                 4      0         0      
    +--+------------------------------+------+---------+---------+
       Total:                         268    0         0      
                                                              
    C:\ti\ccstheia151\ccs\tools\compiler\ti-cgt-armllvm_4.0.0.LTS\lib\armv6m-ti-none-eabi/libclang_rt.builtins.a
       aeabi_uidivmod.S.obj           64     0         0      
       aeabi_memcpy.S.obj             8      0         0      
       aeabi_div0.c.obj               2      0         0      
    +--+------------------------------+------+---------+---------+
       Total:                         74     0         0      
                                                              
       Heap:                          0      0         2048   
       Stack:                         0      0         512    
       Linker Generated:              0      27        0      
    +--+------------------------------+------+---------+---------+
       Grand Total:                   3818   447       2570   


LINKER GENERATED COPY TABLES

__TI_cinit_table @ 000010ac records: 1, size/record: 8, table size: 8
	.data: load addr=00001098, load size=0000000b bytes, run addr=20200800, run size=0000000a bytes, compression=lzss


LINKER GENERATED HANDLER TABLE

__TI_handler_table @ 000010a4 records: 2, size/record: 4, table size: 8
	index: 0, handler: __TI_decompress_lzss
	index: 1, handler: __TI_decompress_none


GLOBAL SYMBOLS: SORTED ALPHABETICALLY BY Name 

address   name                          
-------   ----                          
00000f99  ADC0_IRQHandler               
00000f99  ADC1_IRQHandler               
00000f99  AES_IRQHandler                
00000fa8  C$$EXIT                       
00000f99  CANFD0_IRQHandler             
00000f99  DAC0_IRQHandler               
00000f99  DMA_IRQHandler                
00000f99  Default_Handler               
00000f99  GROUP0_IRQHandler             
00000f99  GROUP1_IRQHandler             
00000f9d  HardFault_Handler             
00000f99  I2C0_IRQHandler               
00000f99  I2C1_IRQHandler               
00000999  I2C_mstr_init                 
00000f21  I2C_mstr_send1                
00000f99  NMI_Handler                   
00000f99  PendSV_Handler                
00000f99  RTC_IRQHandler                
00000fa1  Reset_Handler                 
00000f99  SPI0_IRQHandler               
00000f99  SPI1_IRQHandler               
00000f99  SVC_Handler                   
00000f99  SysTick_Handler               
00000f99  TIMA0_IRQHandler              
00000f99  TIMA1_IRQHandler              
00000f99  TIMG0_IRQHandler              
00000f99  TIMG12_IRQHandler             
00000f99  TIMG6_IRQHandler              
00000f99  TIMG7_IRQHandler              
00000729  TIMG8_IRQHandler              
00000f5d  TI_memcpy_small               
00000f99  UART0_IRQHandler              
00000f99  UART1_IRQHandler              
00000f99  UART2_IRQHandler              
00000f99  UART3_IRQHandler              
20208000  __STACK_END                   
00000200  __STACK_SIZE                  
00000800  __SYSMEM_SIZE                 
00000000  __TI_ATRegion0_region_sz      
00000000  __TI_ATRegion0_src_addr       
00000000  __TI_ATRegion0_trg_addr       
00000000  __TI_ATRegion1_region_sz      
00000000  __TI_ATRegion1_src_addr       
00000000  __TI_ATRegion1_trg_addr       
00000000  __TI_ATRegion2_region_sz      
00000000  __TI_ATRegion2_src_addr       
00000000  __TI_ATRegion2_trg_addr       
000010ac  __TI_CINIT_Base               
000010b4  __TI_CINIT_Limit              
000010b4  __TI_CINIT_Warm               
000010a4  __TI_Handler_Table_Base       
000010ac  __TI_Handler_Table_Limit      
00000da1  __TI_auto_init_nobinit_nopinit
00000a55  __TI_decompress_lzss          
00000f6f  __TI_decompress_none          
ffffffff  __TI_pprof_out_hndl           
ffffffff  __TI_prof_data_size           
ffffffff  __TI_prof_data_start          
00000000  __TI_static_base__            
00000eff  __aeabi_idiv0                 
00000f91  __aeabi_memcpy                
00000f91  __aeabi_memcpy4               
00000f91  __aeabi_memcpy8               
00000ca9  __aeabi_uidiv                 
00000ca9  __aeabi_uidivmod              
ffffffff  __binit__                     
UNDEFED   __mpu_init                    
20207e00  __stack                       
20200000  __start___llvm_prf_bits       
20200000  __start___llvm_prf_cnts       
20200000  __stop___llvm_prf_bits        
20200000  __stop___llvm_prf_cnts        
00000eb1  _c_int00_noargs               
20200000  _sys_memory                   
UNDEFED   _system_post_cinit            
00000fa5  _system_pre_init              
00000fa9  abort                         
ffffffff  binit                         
00000f81  clock_delay                   
00000241  clock_init_40mhz              
0000104c  dip_switch_config_data        
00000c5d  dipsw_init                    
00001010  enable_controls               
20200800  g_bus_clock_freq              
0000107c  iic_config_data               
20200805  increase_seg7                 
00000000  interruptVectors              
00000ddd  launchpad_gpio_init           
000008d9  lcd1602_init                  
00000501  lcd1602_write                 
00000f01  lcd_set_backlight_on          
00000fb0  led_config_data               
00000809  leds_off                      
000000c1  leds_on                       
00000e81  main                          
00000e4d  msec_delay                    
20200806  ones_seconds                  
00000c05  seg7_dig_enable               
00000ce9  seg7_hex                      
0000061d  seg7_init                     
00000ad1  seg7_off                      
00000ed9  seg7_on                       
00000f41  sys_tick_disable              
00000d29  sys_tick_init                 
20200807  tens_seconds                  
00000e15  timer_testing                 
00000b45  update_seg7                   
00000d65  usec_delay                    


GLOBAL SYMBOLS: SORTED BY Symbol Address 

address   name                          
-------   ----                          
00000000  __TI_ATRegion0_region_sz      
00000000  __TI_ATRegion0_src_addr       
00000000  __TI_ATRegion0_trg_addr       
00000000  __TI_ATRegion1_region_sz      
00000000  __TI_ATRegion1_src_addr       
00000000  __TI_ATRegion1_trg_addr       
00000000  __TI_ATRegion2_region_sz      
00000000  __TI_ATRegion2_src_addr       
00000000  __TI_ATRegion2_trg_addr       
00000000  __TI_static_base__            
00000000  interruptVectors              
000000c1  leds_on                       
00000200  __STACK_SIZE                  
00000241  clock_init_40mhz              
00000501  lcd1602_write                 
0000061d  seg7_init                     
00000729  TIMG8_IRQHandler              
00000800  __SYSMEM_SIZE                 
00000809  leds_off                      
000008d9  lcd1602_init                  
00000999  I2C_mstr_init                 
00000a55  __TI_decompress_lzss          
00000ad1  seg7_off                      
00000b45  update_seg7                   
00000c05  seg7_dig_enable               
00000c5d  dipsw_init                    
00000ca9  __aeabi_uidiv                 
00000ca9  __aeabi_uidivmod              
00000ce9  seg7_hex                      
00000d29  sys_tick_init                 
00000d65  usec_delay                    
00000da1  __TI_auto_init_nobinit_nopinit
00000ddd  launchpad_gpio_init           
00000e15  timer_testing                 
00000e4d  msec_delay                    
00000e81  main                          
00000eb1  _c_int00_noargs               
00000ed9  seg7_on                       
00000eff  __aeabi_idiv0                 
00000f01  lcd_set_backlight_on          
00000f21  I2C_mstr_send1                
00000f41  sys_tick_disable              
00000f5d  TI_memcpy_small               
00000f6f  __TI_decompress_none          
00000f81  clock_delay                   
00000f91  __aeabi_memcpy                
00000f91  __aeabi_memcpy4               
00000f91  __aeabi_memcpy8               
00000f99  ADC0_IRQHandler               
00000f99  ADC1_IRQHandler               
00000f99  AES_IRQHandler                
00000f99  CANFD0_IRQHandler             
00000f99  DAC0_IRQHandler               
00000f99  DMA_IRQHandler                
00000f99  Default_Handler               
00000f99  GROUP0_IRQHandler             
00000f99  GROUP1_IRQHandler             
00000f99  I2C0_IRQHandler               
00000f99  I2C1_IRQHandler               
00000f99  NMI_Handler                   
00000f99  PendSV_Handler                
00000f99  RTC_IRQHandler                
00000f99  SPI0_IRQHandler               
00000f99  SPI1_IRQHandler               
00000f99  SVC_Handler                   
00000f99  SysTick_Handler               
00000f99  TIMA0_IRQHandler              
00000f99  TIMA1_IRQHandler              
00000f99  TIMG0_IRQHandler              
00000f99  TIMG12_IRQHandler             
00000f99  TIMG6_IRQHandler              
00000f99  TIMG7_IRQHandler              
00000f99  UART0_IRQHandler              
00000f99  UART1_IRQHandler              
00000f99  UART2_IRQHandler              
00000f99  UART3_IRQHandler              
00000f9d  HardFault_Handler             
00000fa1  Reset_Handler                 
00000fa5  _system_pre_init              
00000fa8  C$$EXIT                       
00000fa9  abort                         
00000fb0  led_config_data               
00001010  enable_controls               
0000104c  dip_switch_config_data        
0000107c  iic_config_data               
000010a4  __TI_Handler_Table_Base       
000010ac  __TI_CINIT_Base               
000010ac  __TI_Handler_Table_Limit      
000010b4  __TI_CINIT_Limit              
000010b4  __TI_CINIT_Warm               
20200000  __start___llvm_prf_bits       
20200000  __start___llvm_prf_cnts       
20200000  __stop___llvm_prf_bits        
20200000  __stop___llvm_prf_cnts        
20200000  _sys_memory                   
20200800  g_bus_clock_freq              
20200805  increase_seg7                 
20200806  ones_seconds                  
20200807  tens_seconds                  
20207e00  __stack                       
20208000  __STACK_END                   
ffffffff  __TI_pprof_out_hndl           
ffffffff  __TI_prof_data_size           
ffffffff  __TI_prof_data_start          
ffffffff  __binit__                     
ffffffff  binit                         
UNDEFED   __mpu_init                    
UNDEFED   _system_post_cinit            

[108 symbols]
