******************************************************************************
            TI ARM Clang Linker PC v4.0.0                      
******************************************************************************
>> Linked Mon May 11 14:39:05 2026

OUTPUT FILE NAME:   <Final_Project.out>
ENTRY POINT SYMBOL: "_c_int00_noargs"  address: 00001b91


MEMORY CONFIGURATION

         name            origin    length      used     unused   attr    fill
----------------------  --------  ---------  --------  --------  ----  --------
  FLASH                 00000000   00020000  00001e60  0001e1a0  R  X
  SRAM                  20200000   00008000  00000a0a  000075f6  RW X
  BCR_CONFIG            41c00000   00000080  00000000  00000080  R   
  BSL_CONFIG            41c00100   00000080  00000000  00000080  R   


SEGMENT ALLOCATION MAP

run origin  load origin   length   init length attrs members
----------  ----------- ---------- ----------- ----- -------
00000000    00000000    00001e60   00001e60    r-x
  00000000    00000000    000000c0   000000c0    r-- .intvecs
  000000c0    000000c0    00001c78   00001c78    r-x .text
  00001d38    00001d38    00000108   00000108    r-- .rodata
  00001e40    00001e40    00000020   00000020    r-- .cinit
20200000    20200000    0000080a   00000000    rw-
  20200000    20200000    00000800   00000000    rw- .sysmem
  20200800    20200800    0000000a   00000000    rw- .data
20207e00    20207e00    00000200   00000000    rw-
  20207e00    20207e00    00000200   00000000    rw- .stack


SECTION ALLOCATION MAP

 output                                  attributes/
section   page    origin      length       input sections
--------  ----  ----------  ----------   ----------------
.intvecs   0    00000000    000000c0     
                  00000000    000000c0     startup_mspm0g3507_ticlang.o (.intvecs)

.text      0    000000c0    00001c78     
                  000000c0    000001d4     Light_sensor_main.o (.text.light_read_display)
                  00000294    00000192     libclang_rt.builtins.a : adddf3.S.obj (.text.adddf3_subdf3)
                  00000426    00000002                            : aeabi_div0.c.obj (.text.__aeabi_idiv0)
                  00000428    00000180     LaunchPad.o (.text.leds_on)
                  000005a8    00000170     clock.o (.text.clock_init_40mhz)
                  00000718    00000150     LaunchPad.o (.text.I2C_mstr_send_internal)
                  00000868    0000011c     lcd1602.o (.text.lcd1602_write)
                  00000984    0000010c     LaunchPad.o (.text.seg7_init)
                  00000a90    000000e0     timer.o (.text.TIMA0_IRQHandler)
                  00000b70    000000d4     adc.o (.text.ADC0_init)
                  00000c44    000000d4     adc.o (.text.ADC1_init)
                  00000d18    000000d4     uart.o (.text.UART_init)
                  00000dec    000000d4     Final_project_main.o (.text.run_monitoring_system)
                  00000ec0    000000d0     LaunchPad.o (.text.leds_off)
                  00000f90    000000c0     lcd1602.o (.text.lcd1602_init)
                  00001050    000000bc     LaunchPad.o (.text.I2C_mstr_init)
                  0000110c    000000b4     LaunchPad.o (.text.led_on)
                  000011c0    000000b0     timer.o (.text.timerA_config)
                  00001270    000000ac     timer.o (.text.TIMA0_C0_pwm_init)
                  0000131c    00000094     soil_sensor_main.o (.text.read_display_soil)
                  000013b0    0000008c     Final_project_main.o (.text.GROUP1_IRQHandler)
                  0000143c    00000084     Final_project_main.o (.text.__NVIC_SetPriority)
                  000014c0    00000084     timer.o (.text.__NVIC_SetPriority)
                  00001544    0000007c     lcd1602.o (.text.doublebyte_to_ascii)
                  000015c0    0000007c     libc.a : copy_decompress_lzss.c.obj (.text:decompress:lzss)
                  0000163c    00000074     LaunchPad.o (.text.seg7_off)
                  000016b0    0000006c     Final_project_main.o (.text.main)
                  0000171c    00000068     adc.o (.text.ADC0_in)
                  00001784    00000068     adc.o (.text.ADC1_in)
                  000017ec    0000005c     LaunchPad.o (.text.I2C_fill_tx_fifo)
                  00001848    00000058     LaunchPad.o (.text.seg7_dig_enable)
                  000018a0    00000042     libclang_rt.builtins.a : fixunsdfsi.S.obj (.text.__fixunsdfsi)
                  000018e2    00000002     --HOLE-- [fill = 0]
                  000018e4    00000040                            : aeabi_uidivmod.S.obj (.text.__aeabi_uidivmod)
                  00001924    00000040     LaunchPad.o (.text.seg7_hex)
                  00001964    0000003c     clock.o (.text.usec_delay)
                  000019a0    0000003c     libc.a : autoinit.c.obj (.text:__TI_auto_init_nobinit_nopinit)
                  000019dc    00000038     LaunchPad.o (.text.launchpad_gpio_init)
                  00001a14    00000034     Final_project_main.o (.text.config_pb1_interrupt)
                  00001a48    00000034     Final_project_main.o (.text.config_pb2_interrupt)
                  00001a7c    00000034     clock.o (.text.msec_delay)
                  00001ab0    00000030     timer.o (.text.timerA_enable_interrupt)
                  00001ae0    0000002c     timer.o (.text.TIMA0_C0_set_pwm_dc)
                  00001b0c    0000002c     Final_project_main.o (.text.__NVIC_EnableIRQ)
                  00001b38    0000002c     timer.o (.text.__NVIC_EnableIRQ)
                  00001b64    0000002c     lcd1602.o (.text.lcd_write_doublebyte)
                  00001b90    00000028     libc.a : boot_cortex_m.c.obj (.text:_c_int00_noargs)
                  00001bb8    00000026     LaunchPad.o (.text.seg7_on)
                  00001bde    00000002     --HOLE-- [fill = 0]
                  00001be0    00000024     libclang_rt.builtins.a : floatunsidf.S.obj (.text.__floatunsidf)
                  00001c04    00000024     lcd1602.o (.text.lcd_write_string)
                  00001c28    00000020     lcd1602.o (.text.lcd_set_backlight_on)
                  00001c48    00000020     lcd1602.o (.text.lcd_set_ddram_addr)
                  00001c68    0000001e     LaunchPad.o (.text.I2C_mstr_send1)
                  00001c86    00000018     lcd1602.o (.text.lcd_write_char)
                  00001c9e    00000012     libc.a : memcpy16.S.obj (.text:TI_memcpy_small)
                  00001cb0    00000012            : copy_decompress_none.c.obj (.text:decompress:none)
                  00001cc2    00000002     --HOLE-- [fill = 0]
                  00001cc4    00000010     timer.o (.text.TIMA0_C0_pwm_enable)
                  00001cd4    00000010     clock.o (.text.clock_delay)
                  00001ce4    00000010     timer.o (.text.timerA_enable)
                  00001cf4    0000000e     lcd1602.o (.text.lcd_clear)
                  00001d02    00000002     --HOLE-- [fill = 0]
                  00001d04    0000000c     timer.o (.text.TIMA0_C0_init)
                  00001d10    0000000c     clock.o (.text.get_bus_clock_freq)
                  00001d1c    00000008     libclang_rt.builtins.a : aeabi_memcpy.S.obj (.text.__aeabi_memcpy)
                  00001d24    00000004     startup_mspm0g3507_ticlang.o (.text.Default_Handler)
                  00001d28    00000004     startup_mspm0g3507_ticlang.o (.text.HardFault_Handler)
                  00001d2c    00000004     startup_mspm0g3507_ticlang.o (.text.Reset_Handler)
                  00001d30    00000004     libc.a : pre_init.c.obj (.text._system_pre_init)
                  00001d34    00000004            : exit.c.obj (.text:abort)

.cinit     0    00001e40    00000020     
                  00001e40    0000000e     (.cinit..data.load) [load image, compression = lzss]
                  00001e4e    00000002     --HOLE-- [fill = 0]
                  00001e50    00000008     (__TI_handler_table)
                  00001e58    00000008     (__TI_cinit_table)

.rodata    0    00001d38    00000108     
                  00001d38    00000060     LaunchPad.o (.rodata.led_config_data)
                  00001d98    0000003c     LaunchPad.o (.rodata.enable_controls)
                  00001dd4    00000018     LaunchPad.o (.rodata.iic_config_data)
                  00001dec    00000011     soil_sensor_main.o (.rodata.str1.105825019282255091571)
                  00001dfd    00000011     soil_sensor_main.o (.rodata.str1.118231416012151243891)
                  00001e0e    0000000e     Light_sensor_main.o (.rodata.str1.179046711242373907111)
                  00001e1c    00000008     Light_sensor_main.o (.rodata.str1.4533648082003727731)
                  00001e24    00000008     Light_sensor_main.o (.rodata.str1.54964556624778217671)
                  00001e2c    00000008     Light_sensor_main.o (.rodata.str1.86744439638882013311)
                  00001e34    00000005     soil_sensor_main.o (.rodata.str1.119204860698759899861)
                  00001e39    00000007     --HOLE-- [fill = 0]

.init_array 
*          0    00000000    00000000     UNINITIALIZED

.binit     0    00000000    00000000     

.data      0    20200800    0000000a     UNINITIALIZED
                  20200800    00000004     clock.o (.data.g_bus_clock_freq)
                  20200804    00000001     lcd1602.o (.data.g_lcd_backlight_mode)
                  20200805    00000001     Final_project_main.o (.data.g_pb1_pressed)
                  20200806    00000001     Final_project_main.o (.data.g_pb2_pressed)
                  20200807    00000001     Light_sensor_main.o (.data.light_read_display.increment)
                  20200808    00000001     timer.o (.data.ones_seconds)
                  20200809    00000001     timer.o (.data.tens_seconds)

.sysmem    0    20200000    00000800     UNINITIALIZED
                  20200000    00000010     libc.a : memory.c.obj (.sysmem)
                  20200010    000007f0     --HOLE--

.stack     0    20207e00    00000200     UNINITIALIZED
                  20207e00    00000004     libc.a : boot_cortex_m.c.obj (.stack)
                  20207e04    000001fc     --HOLE--

__llvm_prf_cnts 
*          0    20200000    00000000     UNINITIALIZED

__llvm_prf_bits 
*          0    20200000    00000000     UNINITIALIZED

MODULE SUMMARY

       Module                         code   ro data   rw data
       ------                         ----   -------   -------
    .\
       LaunchPad.o                    2048   180       0      
       timer.o                        884    0         2      
       lcd1602.o                      782    0         1      
       Final_project_main.o           740    0         2      
       adc.o                          632    0         0      
       clock.o                        508    0         4      
       Light_sensor_main.o            468    38        1      
       uart.o                         212    0         0      
       soil_sensor_main.o             148    39        0      
    +--+------------------------------+------+---------+---------+
       Total:                         6422   257       10     
                                                              
    .\ticlang\
       startup_mspm0g3507_ticlang.o   12     192       0      
    +--+------------------------------+------+---------+---------+
       Total:                         12     192       0      
                                                              
    C:\ti\ccstheia151\ccs\tools\compiler\ti-cgt-armllvm_4.0.0.LTS\lib\armv6m-ti-none-eabi/c/libc.a
       copy_decompress_lzss.c.obj     124    0         0      
       autoinit.c.obj                 60     0         0      
       boot_cortex_m.c.obj            40     0         0      
       copy_decompress_none.c.obj     18     0         0      
       memcpy16.S.obj                 18     0         0      
       exit.c.obj                     4      0         0      
       pre_init.c.obj                 4      0         0      
    +--+------------------------------+------+---------+---------+
       Total:                         268    0         0      
                                                              
    C:\ti\ccstheia151\ccs\tools\compiler\ti-cgt-armllvm_4.0.0.LTS\lib\armv6m-ti-none-eabi/libclang_rt.builtins.a
       adddf3.S.obj                   402    0         0      
       fixunsdfsi.S.obj               66     0         0      
       aeabi_uidivmod.S.obj           64     0         0      
       floatunsidf.S.obj              36     0         0      
       aeabi_memcpy.S.obj             8      0         0      
       aeabi_div0.c.obj               2      0         0      
    +--+------------------------------+------+---------+---------+
       Total:                         578    0         0      
                                                              
       Heap:                          0      0         2048   
       Stack:                         0      0         512    
       Linker Generated:              0      30        0      
    +--+------------------------------+------+---------+---------+
       Grand Total:                   7280   479       2570   


LINKER GENERATED COPY TABLES

__TI_cinit_table @ 00001e58 records: 1, size/record: 8, table size: 8
	.data: load addr=00001e40, load size=0000000e bytes, run addr=20200800, run size=0000000a bytes, compression=lzss


LINKER GENERATED HANDLER TABLE

__TI_handler_table @ 00001e50 records: 2, size/record: 4, table size: 8
	index: 0, handler: __TI_decompress_lzss
	index: 1, handler: __TI_decompress_none


GLOBAL SYMBOLS: SORTED ALPHABETICALLY BY Name 

address   name                          
-------   ----                          
00001d25  ADC0_IRQHandler               
0000171d  ADC0_in                       
00000b71  ADC0_init                     
00001d25  ADC1_IRQHandler               
00001785  ADC1_in                       
00000c45  ADC1_init                     
00001d25  AES_IRQHandler                
00001d34  C$$EXIT                       
00001d25  CANFD0_IRQHandler             
00001d25  DAC0_IRQHandler               
00001d25  DMA_IRQHandler                
00001d25  Default_Handler               
00001d25  GROUP0_IRQHandler             
000013b1  GROUP1_IRQHandler             
00001d29  HardFault_Handler             
00001d25  I2C0_IRQHandler               
00001d25  I2C1_IRQHandler               
00001051  I2C_mstr_init                 
00001c69  I2C_mstr_send1                
00001d25  NMI_Handler                   
00001d25  PendSV_Handler                
00001d25  RTC_IRQHandler                
00001d2d  Reset_Handler                 
00001d25  SPI0_IRQHandler               
00001d25  SPI1_IRQHandler               
00001d25  SVC_Handler                   
00001d25  SysTick_Handler               
00001d05  TIMA0_C0_init                 
00001cc5  TIMA0_C0_pwm_enable           
00001271  TIMA0_C0_pwm_init             
00001ae1  TIMA0_C0_set_pwm_dc           
00000a91  TIMA0_IRQHandler              
00001d25  TIMA1_IRQHandler              
00001d25  TIMG0_IRQHandler              
00001d25  TIMG12_IRQHandler             
00001d25  TIMG6_IRQHandler              
00001d25  TIMG7_IRQHandler              
00001d25  TIMG8_IRQHandler              
00001c9f  TI_memcpy_small               
00001d25  UART0_IRQHandler              
00001d25  UART1_IRQHandler              
00001d25  UART2_IRQHandler              
00001d25  UART3_IRQHandler              
00000d19  UART_init                     
20208000  __STACK_END                   
00000200  __STACK_SIZE                  
00000800  __SYSMEM_SIZE                 
00000000  __TI_ATRegion0_region_sz      
00000000  __TI_ATRegion0_src_addr       
00000000  __TI_ATRegion0_trg_addr       
00000000  __TI_ATRegion1_region_sz      
00000000  __TI_ATRegion1_src_addr       
00000000  __TI_ATRegion1_trg_addr       
00000000  __TI_ATRegion2_region_sz      
00000000  __TI_ATRegion2_src_addr       
00000000  __TI_ATRegion2_trg_addr       
00001e58  __TI_CINIT_Base               
00001e60  __TI_CINIT_Limit              
00001e60  __TI_CINIT_Warm               
00001e50  __TI_Handler_Table_Base       
00001e58  __TI_Handler_Table_Limit      
000019a1  __TI_auto_init_nobinit_nopinit
000015c1  __TI_decompress_lzss          
00001cb1  __TI_decompress_none          
ffffffff  __TI_pprof_out_hndl           
ffffffff  __TI_prof_data_size           
ffffffff  __TI_prof_data_start          
00000000  __TI_static_base__            
0000029f  __adddf3                      
000018a1  __aeabi_d2uiz                 
0000029f  __aeabi_dadd                  
00000295  __aeabi_dsub                  
00000427  __aeabi_idiv0                 
00001d1d  __aeabi_memcpy                
00001d1d  __aeabi_memcpy4               
00001d1d  __aeabi_memcpy8               
00001be1  __aeabi_ui2d                  
000018e5  __aeabi_uidiv                 
000018e5  __aeabi_uidivmod              
ffffffff  __binit__                     
000018a1  __fixunsdfsi                  
00001be1  __floatunsidf                 
UNDEFED   __mpu_init                    
20207e00  __stack                       
20200000  __start___llvm_prf_bits       
20200000  __start___llvm_prf_cnts       
20200000  __stop___llvm_prf_bits        
20200000  __stop___llvm_prf_cnts        
00000295  __subdf3                      
00001b91  _c_int00_noargs               
20200000  _sys_memory                   
UNDEFED   _system_post_cinit            
00001d31  _system_pre_init              
00001d35  abort                         
ffffffff  binit                         
00001cd5  clock_delay                   
000005a9  clock_init_40mhz              
00001a15  config_pb1_interrupt          
00001a49  config_pb2_interrupt          
00001545  doublebyte_to_ascii           
00001d98  enable_controls               
20200800  g_bus_clock_freq              
20200805  g_pb1_pressed                 
20200806  g_pb2_pressed                 
00001d11  get_bus_clock_freq            
00001dd4  iic_config_data               
00000000  interruptVectors              
000019dd  launchpad_gpio_init           
00000f91  lcd1602_init                  
00000869  lcd1602_write                 
00001cf5  lcd_clear                     
00001c29  lcd_set_backlight_on          
00001c49  lcd_set_ddram_addr            
00001c87  lcd_write_char                
00001b65  lcd_write_doublebyte          
00001c05  lcd_write_string              
00001d38  led_config_data               
0000110d  led_on                        
00000ec1  leds_off                      
00000429  leds_on                       
000000c1  light_read_display            
000016b1  main                          
00001a7d  msec_delay                    
20200808  ones_seconds                  
0000131d  read_display_soil             
00000ded  run_monitoring_system         
00001849  seg7_dig_enable               
00001925  seg7_hex                      
00000985  seg7_init                     
0000163d  seg7_off                      
00001bb9  seg7_on                       
20200809  tens_seconds                  
000011c1  timerA_config                 
00001ce5  timerA_enable                 
00001ab1  timerA_enable_interrupt       
00001965  usec_delay                    


GLOBAL SYMBOLS: SORTED BY Symbol Address 

address   name                          
-------   ----                          
00000000  __TI_ATRegion0_region_sz      
00000000  __TI_ATRegion0_src_addr       
00000000  __TI_ATRegion0_trg_addr       
00000000  __TI_ATRegion1_region_sz      
00000000  __TI_ATRegion1_src_addr       
00000000  __TI_ATRegion1_trg_addr       
00000000  __TI_ATRegion2_region_sz      
00000000  __TI_ATRegion2_src_addr       
00000000  __TI_ATRegion2_trg_addr       
00000000  __TI_static_base__            
00000000  interruptVectors              
000000c1  light_read_display            
00000200  __STACK_SIZE                  
00000295  __aeabi_dsub                  
00000295  __subdf3                      
0000029f  __adddf3                      
0000029f  __aeabi_dadd                  
00000427  __aeabi_idiv0                 
00000429  leds_on                       
000005a9  clock_init_40mhz              
00000800  __SYSMEM_SIZE                 
00000869  lcd1602_write                 
00000985  seg7_init                     
00000a91  TIMA0_IRQHandler              
00000b71  ADC0_init                     
00000c45  ADC1_init                     
00000d19  UART_init                     
00000ded  run_monitoring_system         
00000ec1  leds_off                      
00000f91  lcd1602_init                  
00001051  I2C_mstr_init                 
0000110d  led_on                        
000011c1  timerA_config                 
00001271  TIMA0_C0_pwm_init             
0000131d  read_display_soil             
000013b1  GROUP1_IRQHandler             
00001545  doublebyte_to_ascii           
000015c1  __TI_decompress_lzss          
0000163d  seg7_off                      
000016b1  main                          
0000171d  ADC0_in                       
00001785  ADC1_in                       
00001849  seg7_dig_enable               
000018a1  __aeabi_d2uiz                 
000018a1  __fixunsdfsi                  
000018e5  __aeabi_uidiv                 
000018e5  __aeabi_uidivmod              
00001925  seg7_hex                      
00001965  usec_delay                    
000019a1  __TI_auto_init_nobinit_nopinit
000019dd  launchpad_gpio_init           
00001a15  config_pb1_interrupt          
00001a49  config_pb2_interrupt          
00001a7d  msec_delay                    
00001ab1  timerA_enable_interrupt       
00001ae1  TIMA0_C0_set_pwm_dc           
00001b65  lcd_write_doublebyte          
00001b91  _c_int00_noargs               
00001bb9  seg7_on                       
00001be1  __aeabi_ui2d                  
00001be1  __floatunsidf                 
00001c05  lcd_write_string              
00001c29  lcd_set_backlight_on          
00001c49  lcd_set_ddram_addr            
00001c69  I2C_mstr_send1                
00001c87  lcd_write_char                
00001c9f  TI_memcpy_small               
00001cb1  __TI_decompress_none          
00001cc5  TIMA0_C0_pwm_enable           
00001cd5  clock_delay                   
00001ce5  timerA_enable                 
00001cf5  lcd_clear                     
00001d05  TIMA0_C0_init                 
00001d11  get_bus_clock_freq            
00001d1d  __aeabi_memcpy                
00001d1d  __aeabi_memcpy4               
00001d1d  __aeabi_memcpy8               
00001d25  ADC0_IRQHandler               
00001d25  ADC1_IRQHandler               
00001d25  AES_IRQHandler                
00001d25  CANFD0_IRQHandler             
00001d25  DAC0_IRQHandler               
00001d25  DMA_IRQHandler                
00001d25  Default_Handler               
00001d25  GROUP0_IRQHandler             
00001d25  I2C0_IRQHandler               
00001d25  I2C1_IRQHandler               
00001d25  NMI_Handler                   
00001d25  PendSV_Handler                
00001d25  RTC_IRQHandler                
00001d25  SPI0_IRQHandler               
00001d25  SPI1_IRQHandler               
00001d25  SVC_Handler                   
00001d25  SysTick_Handler               
00001d25  TIMA1_IRQHandler              
00001d25  TIMG0_IRQHandler              
00001d25  TIMG12_IRQHandler             
00001d25  TIMG6_IRQHandler              
00001d25  TIMG7_IRQHandler              
00001d25  TIMG8_IRQHandler              
00001d25  UART0_IRQHandler              
00001d25  UART1_IRQHandler              
00001d25  UART2_IRQHandler              
00001d25  UART3_IRQHandler              
00001d29  HardFault_Handler             
00001d2d  Reset_Handler                 
00001d31  _system_pre_init              
00001d34  C$$EXIT                       
00001d35  abort                         
00001d38  led_config_data               
00001d98  enable_controls               
00001dd4  iic_config_data               
00001e50  __TI_Handler_Table_Base       
00001e58  __TI_CINIT_Base               
00001e58  __TI_Handler_Table_Limit      
00001e60  __TI_CINIT_Limit              
00001e60  __TI_CINIT_Warm               
20200000  __start___llvm_prf_bits       
20200000  __start___llvm_prf_cnts       
20200000  __stop___llvm_prf_bits        
20200000  __stop___llvm_prf_cnts        
20200000  _sys_memory                   
20200800  g_bus_clock_freq              
20200805  g_pb1_pressed                 
20200806  g_pb2_pressed                 
20200808  ones_seconds                  
20200809  tens_seconds                  
20207e00  __stack                       
20208000  __STACK_END                   
ffffffff  __TI_pprof_out_hndl           
ffffffff  __TI_prof_data_size           
ffffffff  __TI_prof_data_start          
ffffffff  __binit__                     
ffffffff  binit                         
UNDEFED   __mpu_init                    
UNDEFED   _system_post_cinit            

[136 symbols]
